
> urgentcare-indy@0.1.0 build
> next build

   Γû▓ Next.js 15.4.11

